// Jest Snapshot v1, https://goo.gl/fbAQLP

exports[`snapshot renders correctly 1`] = `
Array [
  <div
    className="container"
  >
    <form
      className=""
    >
      <div
        className="form-group row"
      >
        <div
          className="col-sm-8"
        >
          <input
            className="form-control"
            onChange={[Function]}
            placeholder="Input search content"
            type="text"
            value=""
          />
        </div>
        <div
          className="col-sm-4"
        >
          <button
            className="btn btn-primary btn-sm"
            disabled={false}
            onClick={[Function]}
            type="submit"
          >
            Search
          </button>
           
          <button
            className="btn btn-success btn-sm"
            disabled={false}
            onClick={[Function]}
            type="button"
          >
            Refresh
          </button>
        </div>
      </div>
    </form>
  </div>,
  <div
    className="container"
  >
    <h6
      md={
        Object {
          "offset": 6,
        }
      }
    >
      Total tasks is 
      2
    </h6>
    <table
      className="table"
    >
      <thead>
        <tr>
          <th>
            Task Title
          </th>
          <th>
            Task Creator
          </th>
          <th>
            Operation
          </th>
        </tr>
      </thead>
      <tbody>
        <tr>
          <td>
            Default task1
             
             
            <button
              className="btn btn-warning btn-sm"
              disabled={false}
              onClick={[Function]}
              type="button"
            >
              Edit
            </button>
          </td>
          <td>
            ramsey
          </td>
          <td>
            <button
              className="btn btn-danger btn-sm"
              disabled={false}
              onClick={[Function]}
              type="button"
            >
              Delete
            </button>
          </td>
        </tr>
        <tr>
          <td>
            Default task2
             
             
            <button
              className="btn btn-warning btn-sm"
              disabled={false}
              onClick={[Function]}
              type="button"
            >
              Edit
            </button>
          </td>
          <td>
            davy
          </td>
          <td>
            <button
              className="btn btn-danger btn-sm"
              disabled={false}
              onClick={[Function]}
              type="button"
            >
              Delete
            </button>
          </td>
        </tr>
      </tbody>
    </table>
  </div>,
  <div
    className="container"
  >
    <form
      className=""
      onSubmit={[Function]}
    >
      <div
        className="form-row"
      >
        <div
          className="form-group col"
        >
          <label
            className="form-label"
          >
            Title
          </label>
          <input
            className="form-control"
            name="title"
            onChange={[Function]}
            placeholder="Please input title"
            required={true}
            type="text"
            value=""
          />
        </div>
        <div
          className="form-group col"
        >
          <label
            className="form-label"
          >
            Creator
          </label>
          <input
            className="form-control"
            name="creator"
            onChange={[Function]}
            placeholder="Please input creator"
            required={true}
            type="text"
            value=""
          />
        </div>
      </div>
      <button
        className="btn btn-primary btn-sm"
        disabled={false}
        type="submit"
      >
        Add Task
      </button>
    </form>
  </div>,
]
`;
