// Jest Snapshot v1, https://goo.gl/fbAQLP

exports[`Input Text component test render correctly input text component 1`] = `
<div
  className="form-group"
>
  <label
    className="form-label"
  >
    
  </label>
  <input
    className="form-control"
    disabled={false}
    name="name"
    onChange={[Function]}
    placeholder=""
    required={true}
    type="text"
    value={null}
  />
</div>
`;
